{
"bases":{
  
  },
"containment":{
  "cd891e7b-e2ea-e929-f6cd-9faf4f1fc045":{
    
    },
  "cdcdcdcd-eaea-eaea-cdcd-000000000001":{
    
    },
  "cdcdcdcd-eaea-eaea-cdcd-000000000002":{
    
    }
  },
"nodes":{
  "42b88447-e281-bec2-54a9-283924342eeb":{
    "attributes":{
      "name":"ROOT"
      },
    "base":null,
    "meta":{
      "aspects":{
        
        },
      "attributes":{
        "name":{
          "type":"string"
          }
        },
      "children":{
        "items":[
          "cd891e7b-e2ea-e929-f6cd-9faf4f1fc045"
          ],
        "max":"undefined",
        "maxItems":[
          -1
          ],
        "min":"undefined",
        "minItems":[
          -1
          ]
        },
      "pointers":{
        
        }
      },
    "parent":null,
    "pointers":{
      "base":null
      },
    "registry":{
      "MetaSheets":[
        {
          "SetID":"MetaAspectSet_431da8ff-d455-3653-d5a7-546c2c7ee548",
          "order":0,
          "title":"META"
          }
        ],
      "ProjectRegistry":{
        "FCO_ID":"/1"
        },
      "validPlugins":""
      },
    "sets":{
      "MetaAspectSet":[
        {
          "attributes":{
            
            },
          "guid":"cd891e7b-e2ea-e929-f6cd-9faf4f1fc045",
          "registry":{
            "position":{
              "x":100,
              "y":100
              }
            }
          }
        ],
      "MetaAspectSet_431da8ff-d455-3653-d5a7-546c2c7ee548":[
        {
          "attributes":{
            
            },
          "guid":"cd891e7b-e2ea-e929-f6cd-9faf4f1fc045",
          "registry":{
            "position":{
              "x":100,
              "y":100
              }
            }
          }
        ]
      }
    },
  "cd891e7b-e2ea-e929-f6cd-9faf4f1fc045":{
    "attributes":{
      "name":"FCO"
      },
    "base":null,
    "meta":{
      "aspects":{
        
        },
      "attributes":{
        "name":{
          "type":"string"
          }
        },
      "children":{
        "items":[
          
          ],
        "max":"undefined",
        "maxItems":[
          
          ],
        "min":"undefined",
        "minItems":[
          
          ]
        },
      "pointers":{
        
        }
      },
    "parent":"42b88447-e281-bec2-54a9-283924342eeb",
    "pointers":{
      "base":null
      },
    "registry":{
      "DisplayFormat":"$name",
      "PortSVGIcon":"",
      "SVGIcon":"",
      "decorator":"",
      "isAbstract":false,
      "isPort":false,
      "position":{
        "x":100,
        "y":100
        }
      },
    "sets":{
      
      }
    },
  "cdcdcdcd-eaea-eaea-cdcd-000000000001":{
    "attributes":{
      
      },
    "base":"cd891e7b-e2ea-e929-f6cd-9faf4f1fc045",
    "meta":{
      
      },
    "parent":"42b88447-e281-bec2-54a9-283924342eeb",
    "pointers":{
      "base":"cd891e7b-e2ea-e929-f6cd-9faf4f1fc045"
      },
    "registry":{
      
      },
    "sets":{
      
      }
    },
  "cdcdcdcd-eaea-eaea-cdcd-000000000002":{
    "attributes":{
      
      },
    "base":"cd891e7b-e2ea-e929-f6cd-9faf4f1fc045",
    "meta":{
      
      },
    "parent":"42b88447-e281-bec2-54a9-283924342eeb",
    "pointers":{
      "base":"cd891e7b-e2ea-e929-f6cd-9faf4f1fc045"
      },
    "registry":{
      
      },
    "sets":{
      
      }
    }
  },
"relids":{
  "42b88447-e281-bec2-54a9-283924342eeb":null,
  "cd891e7b-e2ea-e929-f6cd-9faf4f1fc045":"1",
  "cdcdcdcd-eaea-eaea-cdcd-000000000001":"131446378",
  "cdcdcdcd-eaea-eaea-cdcd-000000000002":"460055971"
  },
"root":{
  "guid":"42b88447-e281-bec2-54a9-283924342eeb",
  "path":""
  }
}